.\venv\Scripts\python
.exe : D:\Desktop\Vil
lageWaterSystem\backe
nd\venv\Lib\site-pack
ages\rest_framework_s
implejwt\__init__.py:
1: UserWarning: 
pkg_resources is 
deprecated as an 
API. See https://setu
ptools.pypa.io/en/lat
est/pkg_resources.htm
l. The pkg_resources 
package is slated 
for removal as early 
as 2025-11-30. 
Refrain from using 
this package or pin 
to Setuptools<81.
At line:1 char:1
+ .\venv\Scripts\pyth
on.exe test_notificat
ion_flow.py > 
test_output.txt ...
+ ~~~~~~~~~~~~~~~~~~~
~~~~~~~~~~~~~~~~~~~~~
~~~~~~~~~~~~~~~~~~~~~
~~~~~~~~
    + CategoryInfo   
           : NotSpe  
  cified: (D:\Desk   
 top\Vill... Setu    
ptools<81.:Strin    
g) [], RemoteExc    
eption
    + FullyQualified 
   ErrorId : Native  
  CommandError
 
  from pkg_resources 
import DistributionNo
tFound, 
get_distribution
--- Starting Notification Test ---
Traceback (most 
recent call last):
  File "D:\Desktop\Vi
llageWaterSystem\back
end\test_notification
_flow.py", line 23, 
in test_notifications
    user = User.objec
ts.get(username=usern
ame)
  File "D:\Desktop\Vi
llageWaterSystem\back
end\venv\Lib\site-pac
kages\django\db\model
s\manager.py", line 
87, in manager_method
    return getattr(se
lf.get_queryset(), 
name)(*args, 
**kwargs)
           ~~~~~~~~~~
~~~~~~~~~~~~~~~~~~~~~
~~~^^^^^^^^^^^^^^^^^
  File "D:\Desktop\Vi
llageWaterSystem\back
end\venv\Lib\site-pac
kages\django\db\model
s\query.py", line 
637, in get
    raise self.model.
DoesNotExist(
        "%s matching 
query does not 
exist." % self.model.
_meta.object_name
    )
api.models.User.DoesN
otExist: User 
matching query does 
not exist.

During handling of 
the above exception, 
another exception 
occurred:

Traceback (most 
recent call last):
  File "D:\Desktop\Vi
llageWaterSystem\back
end\test_notification
_flow.py", line 102, 
in <module>
    
test_notifications()
    
~~~~~~~~~~~~~~~~~~^^
  File "D:\Desktop\Vi
llageWaterSystem\back
end\test_notification
_flow.py", line 26, 
in test_notifications
    user = User.objec
ts.create_user(userna
me=username, password
='password123', 
role='Household')
TypeError: UserManage
r.create_user() 
missing 1 required 
positional argument: 
'email'
